// Vitest Snapshot v1

exports[`JsonRenderer > should render complex articles 1`] = `
"<p class=\\"text-left\\"></p>
<img class=\\"\\" src=\\"https://aqhptogkwxnadanqnhgi.supabase.co/storage/v1/object/public/storage/20220501165812941_Sans titre.jpg\\" alt=\\"Sans titre.jpg\\" title=\\"Sans titre.jpg\\">
<p class=\\"text-left\\">
  <!----><span class=\\"font-bold\\">&nbsp;</span>
</p>
<p class=\\"text-justify\\">
  <!----><span class=\\"\\">Être aimé, est à l’enfance une question de survie.&nbsp;Les yeux et oreilles rivés vers l’extérieur, vous entendez les injonctions et expressions d’autrui.&nbsp;D’abord vous&nbsp;écoutez, et puis vous vous adaptez.</span>
</p>
<p class=\\"text-justify\\">
  <!----><br><span class=\\"\\">Ce besoin indispensable d’être aimé peut pourtant devenir la source de problèmes aussi communs qu’importants.&nbsp;Car même s’il est temporaire, le conditionnement reste.&nbsp;Dans ce cas, votre attention est focalisée vers les autres.&nbsp;Vous êtes donc alerte aux choses du monde&nbsp;(les pensées probables d’autrui, ce qu’il est préférable de faire ou non…)&nbsp;:&nbsp;adepte du compromis et de la comparaison.&nbsp;Et souvent, c’est inconscient.&nbsp;Il est possible que vous agissiez en considérant l’extérieur en premier.&nbsp;Cette course à la vie, à la&nbsp;survie parfois, peut vous faire oublier l’essentiel :&nbsp;</span><span class=\\"font-bold italic\\">et moi ? </span><span class=\\"\\">Car la responsabilité des actes envers&nbsp;Soi&nbsp;existe et devrait compter autant que celle des actes envers l’Extérieur&nbsp;</span>
</p>
<p class=\\"text-justify\\">
  <!----><br><span class=\\"font-bold\\">RENTRER EN RELATION AVEC SOI MÊME&nbsp;</span><br><span class=\\"\\">C’est incontournable, pour commencer à s’aimer d’avantage il&nbsp;faut </span><span class=\\"font-bold\\">le décider</span><span class=\\"\\">.&nbsp;C’est-à-dire, décider que vous serez la première personne sur qui vous pouvez compter.&nbsp;Créez un espace intérieur pour vous soucier de vous.&nbsp;Encouragez-vous, aidez-vous.</span><br><span class=\\"\\">Évaluer l’état de cette relation à vous-même, peut être un vrai plus.&nbsp;Comment est-ce je me parle et me vois ?</span>
</p>
<p class=\\"text-justify\\">
  <!----><span class=\\"\\">&nbsp;</span><br><span class=\\"font-bold\\">CONSCIENT DE SES MOTIVATIONS</span><br><span class=\\"\\">Nos actions ont parfois un rapport avec soi.&nbsp;Par exemple ;&nbsp;j’apporte un café à une collègue pour lui faire plaisir.&nbsp;Il est vrai que je lui apporte ce sentiment.&nbsp;Mais je le fais aussi parce que ça me procure de la joie.&nbsp;Prendre conscience que vous êtes deux à bénéficier de cet acte, vous feras toucher du doigt ce que peut être un acte d’amour envers soi.&nbsp;</span>
</p>
<p class=\\"text-justify\\">
  <!----><br><span class=\\"font-bold\\">DES PETITS MOMENTS</span><br><span class=\\"\\">Un petit&nbsp;tête-à-tête ?&nbsp;Oui, mais avec vous-même de temps en temps :&nbsp;c’est mieux !&nbsp;Prenez ces petits moments, écrivez dans un journal ou juste pensez, accordez-vous un moment pour vous exprimer entre vous et vous.&nbsp;Et faite des pauses, prenez tout simplement des moments pour vous faire plaisir.</span>
</p>
<p class=\\"text-justify\\">
  <!----><br><span class=\\"font-bold\\">ACCUEILLEZ VOS PROPRES ÉMOTIONS</span><span class=\\"\\">&nbsp;</span><br><span class=\\"\\">Comment ça&nbsp;va moi ?&nbsp;Qu’est que je ressens ?&nbsp;Les défis et les événements du quotidien créent des réactions intérieures.&nbsp;Parfois pour des sujets qui paraissent anodins.&nbsp;Vous n’êtes pas obligé d’attendre l’aide de quelqu’un pour vous exprimer.&nbsp;Vous avez le droit de cogner dans un coussin ou de pleurer quand cela est bon !&nbsp;Relâcher l’émotion peut amener à la compréhension de quelque chose qui se joue en vous.&nbsp;Cette&nbsp;habitude peut aussi améliorer vos relations, en vous évitant d’avantage d’exploser ou de projeter sur les autres.&nbsp;</span>
</p>
<p class=\\"text-justify\\">
  <!----><br><span class=\\"font-bold\\">DÉCIDEZ POUR VOUS</span><br><span class=\\"\\">Ne laissez pas les autres décider pour vous.&nbsp;À la fin, c’est vous qui avez le dernier mot sur ce à quoi doit ressembler votre vie ou votre quotidien.&nbsp;Soyez conscient de votre part de responsabilité dans la vie que vous vivez.&nbsp;Attention responsabilité ne veut pas dire culpabilité.&nbsp;</span>
</p>
<p class=\\"text-justify\\">
  <!----><br><span class=\\"font-bold\\">PARDONNEZ-VOUS LES « FAUSSES ROUTES »</span><br><span class=\\"\\">« Avec la culpabilité, le malheur est la chose la plus démocratique du monde.&nbsp;On y a tous droit à un moment ou un autre », Eric Neuhoff.</span><br><span class=\\"\\">Nourrir un sentiment négatif à votre égard favorisera comme cela le ferait avec une personne extérieure, un éloignement.&nbsp;Il peut devenir la cause de nombreux maux du quotidien. Si vos sentiments ètaient une valise,&nbsp;la culpabilité peut y être l’objet le plus lourd.&nbsp;Cette valise si lourde, vous permettra elle de voyager à votre guise ?</span>
</p>
<p class=\\"text-justify\\">
  <!----><br><span class=\\"font-bold\\">STOP A LA COMPARAISON</span><br><span class=\\"\\">Ne vous focalisez pas sur ce que l’autre a&nbsp;et&nbsp;que vous n’avez pas.&nbsp;Cela peut valider et nourrir l’idée que vous avez de ne pas être pas à la hauteur ou que vous êtes moins bien, etc.&nbsp;Partez à la découverte de ce qui est beau chez vous, de vos qualités, de vos talents, de vos chances…</span><br>
</p>"
`;
